============================= test session starts ==============================
platform linux -- Python 3.12.3, pytest-7.4.4, pluggy-1.4.0
rootdir: /home/clearpeakegroup/finrl-platform
collected 1 item / 5 errors

==================================== ERRORS ====================================
_____________________ ERROR collecting backend/api_test.py _____________________
ImportError while importing test module '/home/clearpeakegroup/finrl-platform/backend/api_test.py'.
Hint: make sure your test modules/packages have valid Python names.
Traceback:
/usr/lib/python3.12/importlib/__init__.py:90: in import_module
    return _bootstrap._gcd_import(name[level:], package, level)
backend/api_test.py:1: in <module>
    from fastapi.testclient import TestClient
E   ModuleNotFoundError: No module named 'fastapi'
________ ERROR collecting backend/agents/test_lnn_feature_extractor.py _________
ImportError while importing test module '/home/clearpeakegroup/finrl-platform/backend/agents/test_lnn_feature_extractor.py'.
Hint: make sure your test modules/packages have valid Python names.
Traceback:
/usr/lib/python3.12/importlib/__init__.py:90: in import_module
    return _bootstrap._gcd_import(name[level:], package, level)
backend/agents/test_lnn_feature_extractor.py:3: in <module>
    from backend.envs.multi_asset_env import MultiAssetTradingEnv
backend/envs/multi_asset_env.py:1: in <module>
    import gymnasium as gym
E   ModuleNotFoundError: No module named 'gymnasium'
______ ERROR collecting backend/data_ingestion/test_historical_loader.py _______
ImportError while importing test module '/home/clearpeakegroup/finrl-platform/backend/data_ingestion/test_historical_loader.py'.
Hint: make sure your test modules/packages have valid Python names.
Traceback:
/usr/lib/python3.12/importlib/__init__.py:90: in import_module
    return _bootstrap._gcd_import(name[level:], package, level)
backend/data_ingestion/test_historical_loader.py:2: in <module>
    import pandas as pd
E   ModuleNotFoundError: No module named 'pandas'
_________ ERROR collecting backend/data_ingestion/test_live_stream.py __________
ImportError while importing test module '/home/clearpeakegroup/finrl-platform/backend/data_ingestion/test_live_stream.py'.
Hint: make sure your test modules/packages have valid Python names.
Traceback:
/usr/lib/python3.12/importlib/__init__.py:90: in import_module
    return _bootstrap._gcd_import(name[level:], package, level)
backend/data_ingestion/test_live_stream.py:5: in <module>
    from data_ingestion import live_stream
E   ModuleNotFoundError: No module named 'data_ingestion'
__________ ERROR collecting backend/envs/test_multi_asset_quad_env.py __________
ImportError while importing test module '/home/clearpeakegroup/finrl-platform/backend/envs/test_multi_asset_quad_env.py'.
Hint: make sure your test modules/packages have valid Python names.
Traceback:
/usr/lib/python3.12/importlib/__init__.py:90: in import_module
    return _bootstrap._gcd_import(name[level:], package, level)
backend/envs/test_multi_asset_quad_env.py:3: in <module>
    from envs.multi_asset_quad_env import MultiAssetQuadEnv
E   ModuleNotFoundError: No module named 'envs'
=========================== short test summary info ============================
ERROR backend/api_test.py
ERROR backend/agents/test_lnn_feature_extractor.py
ERROR backend/data_ingestion/test_historical_loader.py
ERROR backend/data_ingestion/test_live_stream.py
ERROR backend/envs/test_multi_asset_quad_env.py
!!!!!!!!!!!!!!!!!!!!!!!!!! stopping after 5 failures !!!!!!!!!!!!!!!!!!!!!!!!!!!
============================== 5 errors in 1.04s ===============================
